
> mennyu@0.1.0 build
> next build

   Γû▓ Next.js 15.5.15
   - Environments: .env

   Creating an optimized production build ...
 Γ£ô Compiled successfully in 17.6s
   Skipping linting
   Checking validity of types ...


















